src/app/providers.tsx(30,11): error TS2353: Object literal may only specify known properties, and 'createOnLogin' does not exist in type '{ ethereum?: { createOnLogin?: EmbeddedWalletCreateOnLoginConfig; }; solana?: { createOnLogin?: EmbeddedWalletCreateOnLoginConfig; }; disableAutomaticMigration?: boolean; showWalletUIs?: boolean; priceDisplay?: PriceDisplayOptions; extendedCalldataDecoding?: boolean; }'.
src/lib/zerodev.ts(29,55): error TS2345: Argument of type '{ account: { address: undefined; type: "json-rpc"; }; batch?: { multicall?: boolean | { batchSize?: number; deployless?: boolean; wait?: number; }; }; cacheTime: number; ccipRead?: false | { request?: (parameters: CcipRequestParameters) => Promise<...>; }; ... 66 more ...; extend: <const client extends { ...; } & Ex...' is not assignable to parameter of type 'never'.
  The intersection 'Client' was reduced to 'never' because property 'cacheTime' has conflicting types in some constituents.
src/lib/zerodev.ts(34,45): error TS2345: Argument of type '{ account: { address: undefined; type: "json-rpc"; }; batch?: { multicall?: boolean | { batchSize?: number; deployless?: boolean; wait?: number; }; }; cacheTime: number; ccipRead?: false | { request?: (parameters: CcipRequestParameters) => Promise<...>; }; ... 66 more ...; extend: <const client extends { ...; } & Ex...' is not assignable to parameter of type 'never'.
  The intersection 'Client<Transport, Chain, { address: `0x${string}`; nonceManager?: NonceManager; sign?: (parameters: { hash: `0x${string}`; }) => Promise<`0x${string}`>; signAuthorization?: (parameters: AuthorizationRequest) => Promise<...>; ... 5 more ...; type: "local"; } | JsonRpcAccount>' was reduced to 'never' because property 'cacheTime' has conflicting types in some constituents.
src/lib/zerodev.ts(44,5): error TS2353: Object literal may only specify known properties, and 'entryPoint' does not exist in type '{ cacheTime?: number; chain?: Chain; key?: string; name?: string; pollingInterval?: number; rpcSchema?: undefined; transport: Transport; account?: `0x${string}` | Account | SmartAccount; }'.
